INFO System started
ERROR Login failed
ERROR Login failed
INFO User connected
ERROR Database timeout
